// Jest Snapshot v1, https://goo.gl/fbAQLP

exports[`getPossibleNextVersions when called with a "1.0.0"-version in package.json returns only 1.0.1, 1.1.0 and 2.0.0 as possible next versions 1`] = `
Array [
  "1.0.1",
  "1.1.0",
  "2.0.0",
]
`;
